******************************************************************************
                  TI ARM Linker PC v16.9.3                     
******************************************************************************
>> Linked Mon Oct 09 16:15:44 2017

OUTPUT FILE NAME:   <external_interrupt_pf0_pf4_switchs.out>
ENTRY POINT SYMBOL: "_c_int00"  address: 0000049d


MEMORY CONFIGURATION

         name            origin    length      used     unused   attr    fill
----------------------  --------  ---------  --------  --------  ----  --------
  FLASH                 00000000   00040000  00000602  0003f9fe  R  X
  SRAM                  20000000   00008000  00000218  00007de8  RW X


SEGMENT ALLOCATION MAP

run origin  load origin   length   init length attrs members
----------  ----------- ---------- ----------- ----- -------
00000000    00000000    00000604   00000604    r-x
  00000000    00000000    0000026c   0000026c    r-- .intvecs
  0000026c    0000026c    00000372   00000372    r-x .text
  000005e0    000005e0    00000024   00000024    r-- .cinit
20000000    20000000    00000218   00000000    rw-
  20000000    20000000    00000200   00000000    rw- .stack
  20000200    20000200    00000018   00000000    rw- .data


SECTION ALLOCATION MAP

 output                                  attributes/
section   page    origin      length       input sections
--------  ----  ----------  ----------   ----------------
.intvecs   0    00000000    0000026c     
                  00000000    0000026c     tm4c123gh6pm_startup_ccs.obj (.intvecs)

.text      0    0000026c    00000372     
                  0000026c    000000bc     main.obj (.text)
                  00000328    0000009c     rtsv7M4_T_le_v4SPD16_eabi.lib : memcpy_t2.obj (.text)
                  000003c4    00000070                                   : autoinit.obj (.text)
                  00000434    00000068                                   : copy_decompress_lzss.obj (.text:decompress:lzss)
                  0000049c    00000054                                   : boot.obj (.text)
                  000004f0    00000054                                   : exit.obj (.text)
                  00000544    0000004c                                   : cpy_tbl.obj (.text)
                  00000590    00000018                                   : args_main.obj (.text)
                  000005a8    00000014                                   : _lock.obj (.text)
                  000005bc    0000000e                                   : copy_decompress_none.obj (.text:decompress:none)
                  000005ca    0000000c     tm4c123gh6pm_startup_ccs.obj (.text)
                  000005d6    00000004     rtsv7M4_T_le_v4SPD16_eabi.lib : pre_init.obj (.text)
                  000005da    00000002                                   : mpu_init.obj (.text)
                  000005dc    00000002                                   : startup.obj (.text)

.cinit     0    000005e0    00000024     
                  000005e0    00000011     (.cinit..data.load) [load image, compression = lzss]
                  000005f1    00000003     --HOLE-- [fill = 0]
                  000005f4    00000008     (__TI_handler_table)
                  000005fc    00000008     (__TI_cinit_table)

.init_array 
*          0    00000000    00000000     UNINITIALIZED

.stack     0    20000000    00000200     UNINITIALIZED
                  20000000    00000200     --HOLE--

.data      0    20000200    00000018     UNINITIALIZED
                  20000200    0000000c     rtsv7M4_T_le_v4SPD16_eabi.lib : exit.obj (.data:$O1$$)
                  2000020c    00000008                                   : _lock.obj (.data:$O1$$)
                  20000214    00000004                                   : stkdepth_vars.obj (.data)

MODULE SUMMARY

       Module                         code   ro data   rw data
       ------                         ----   -------   -------
    .\
       tm4c123gh6pm_startup_ccs.obj   12     620       0      
       main.obj                       188    0         0      
    +--+------------------------------+------+---------+---------+
       Total:                         200    620       0      
                                                              
    C:\ti\ccsv7\tools\compiler\ti-cgt-arm_16.9.3.LTS\lib\rtsv7M4_T_le_v4SPD16_eabi.lib
       memcpy_t2.obj                  156    0         0      
       autoinit.obj                   112    0         0      
       copy_decompress_lzss.obj       104    0         0      
       exit.obj                       84     0         12     
       boot.obj                       84     0         0      
       cpy_tbl.obj                    76     0         0      
       _lock.obj                      20     0         8      
       args_main.obj                  24     0         0      
       copy_decompress_none.obj       14     0         0      
       pre_init.obj                   4      0         0      
       stkdepth_vars.obj              0      0         4      
       mpu_init.obj                   2      0         0      
       startup.obj                    2      0         0      
    +--+------------------------------+------+---------+---------+
       Total:                         682    0         24     
                                                              
       Stack:                         0      0         512    
       Linker Generated:              0      33        0      
    +--+------------------------------+------+---------+---------+
       Grand Total:                   882    653       536    


LINKER GENERATED COPY TABLES

__TI_cinit_table @ 000005fc records: 1, size/record: 8, table size: 8
	.data: load addr=000005e0, load size=00000011 bytes, run addr=20000200, run size=00000018 bytes, compression=lzss


LINKER GENERATED HANDLER TABLE

__TI_handler_table @ 000005f4 records: 2, size/record: 4, table size: 8
	index: 0, handler: __TI_decompress_lzss
	index: 1, handler: __TI_decompress_none


GLOBAL SYMBOLS: SORTED ALPHABETICALLY BY Name 

address   name                           
-------   ----                           
000004f1  C$$EXIT                        
000002d3  GPIOF_HANDLER                  
000005cb  ResetISR                       
UNDEFED   SHT$$INIT_ARRAY$$Base          
UNDEFED   SHT$$INIT_ARRAY$$Limit         
20000200  __STACK_END                    
00000200  __STACK_SIZE                   
20000200  __STACK_TOP                    
000005fc  __TI_CINIT_Base                
00000604  __TI_CINIT_Limit               
000005f4  __TI_Handler_Table_Base        
000005fc  __TI_Handler_Table_Limit       
000003c5  __TI_auto_init                 
20000200  __TI_cleanup_ptr               
00000435  __TI_decompress_lzss           
000005bd  __TI_decompress_none           
20000204  __TI_dtors_ptr                 
20000208  __TI_enable_exit_profile_output
ffffffff  __TI_pprof_out_hndl            
ffffffff  __TI_prof_data_size            
ffffffff  __TI_prof_data_start           
00000000  __TI_static_base__             
00000329  __aeabi_memcpy                 
00000329  __aeabi_memcpy4                
00000329  __aeabi_memcpy8                
ffffffff  __binit__                      
ffffffff  __c_args__                     
000005db  __mpu_init                     
20000000  __stack                        
00000591  _args_main                     
0000049d  _c_int00                       
2000020c  _lock                          
000005b7  _nop                           
000005af  _register_lock                 
000005a9  _register_unlock               
000005dd  _system_post_cinit             
000005d7  _system_pre_init               
20000210  _unlock                        
000004f5  abort                          
ffffffff  binit                          
00000545  copy_in                        
000004fd  exit                           
00000000  g_pfnVectors                   
000002e9  main                           
20000214  main_func_sp                   
00000329  memcpy                         
0000026d  portf_sw0_interrupt_init       
000002d1  printf                         


GLOBAL SYMBOLS: SORTED BY Symbol Address 

address   name                           
-------   ----                           
00000000  __TI_static_base__             
00000000  g_pfnVectors                   
00000200  __STACK_SIZE                   
0000026d  portf_sw0_interrupt_init       
000002d1  printf                         
000002d3  GPIOF_HANDLER                  
000002e9  main                           
00000329  __aeabi_memcpy                 
00000329  __aeabi_memcpy4                
00000329  __aeabi_memcpy8                
00000329  memcpy                         
000003c5  __TI_auto_init                 
00000435  __TI_decompress_lzss           
0000049d  _c_int00                       
000004f1  C$$EXIT                        
000004f5  abort                          
000004fd  exit                           
00000545  copy_in                        
00000591  _args_main                     
000005a9  _register_unlock               
000005af  _register_lock                 
000005b7  _nop                           
000005bd  __TI_decompress_none           
000005cb  ResetISR                       
000005d7  _system_pre_init               
000005db  __mpu_init                     
000005dd  _system_post_cinit             
000005f4  __TI_Handler_Table_Base        
000005fc  __TI_CINIT_Base                
000005fc  __TI_Handler_Table_Limit       
00000604  __TI_CINIT_Limit               
20000000  __stack                        
20000200  __STACK_END                    
20000200  __STACK_TOP                    
20000200  __TI_cleanup_ptr               
20000204  __TI_dtors_ptr                 
20000208  __TI_enable_exit_profile_output
2000020c  _lock                          
20000210  _unlock                        
20000214  main_func_sp                   
ffffffff  __TI_pprof_out_hndl            
ffffffff  __TI_prof_data_size            
ffffffff  __TI_prof_data_start           
ffffffff  __binit__                      
ffffffff  __c_args__                     
ffffffff  binit                          
UNDEFED   SHT$$INIT_ARRAY$$Base          
UNDEFED   SHT$$INIT_ARRAY$$Limit         

[48 symbols]
