******************************************************************************
                  TI ARM Linker PC v16.9.3                     
******************************************************************************
>> Linked Fri Oct 13 01:14:20 2017

OUTPUT FILE NAME:   <UART_TRANSMIT.out>
ENTRY POINT SYMBOL: "_c_int00"  address: 000004fd


MEMORY CONFIGURATION

         name            origin    length      used     unused   attr    fill
----------------------  --------  ---------  --------  --------  ----  --------
  FLASH                 00000000   00040000  00000662  0003f99e  R  X
  SRAM                  20000000   00008000  00000218  00007de8  RW X


SEGMENT ALLOCATION MAP

run origin  load origin   length   init length attrs members
----------  ----------- ---------- ----------- ----- -------
00000000    00000000    00000664   00000664    r-x
  00000000    00000000    0000026c   0000026c    r-- .intvecs
  0000026c    0000026c    000003d2   000003d2    r-x .text
  00000640    00000640    00000024   00000024    r-- .cinit
20000000    20000000    00000218   00000000    rw-
  20000000    20000000    00000200   00000000    rw- .stack
  20000200    20000200    00000018   00000000    rw- .data


SECTION ALLOCATION MAP

 output                                  attributes/
section   page    origin      length       input sections
--------  ----  ----------  ----------   ----------------
.intvecs   0    00000000    0000026c     
                  00000000    0000026c     tm4c123gh6pm_startup_ccs.obj (.intvecs)

.text      0    0000026c    000003d2     
                  0000026c    0000011c     main.obj (.text)
                  00000388    0000009c     rtsv7M4_T_le_v4SPD16_eabi.lib : memcpy_t2.obj (.text)
                  00000424    00000070                                   : autoinit.obj (.text)
                  00000494    00000068                                   : copy_decompress_lzss.obj (.text:decompress:lzss)
                  000004fc    00000054                                   : boot.obj (.text)
                  00000550    00000054                                   : exit.obj (.text)
                  000005a4    0000004c                                   : cpy_tbl.obj (.text)
                  000005f0    00000018                                   : args_main.obj (.text)
                  00000608    00000014                                   : _lock.obj (.text)
                  0000061c    0000000e                                   : copy_decompress_none.obj (.text:decompress:none)
                  0000062a    0000000c     tm4c123gh6pm_startup_ccs.obj (.text)
                  00000636    00000004     rtsv7M4_T_le_v4SPD16_eabi.lib : pre_init.obj (.text)
                  0000063a    00000002                                   : mpu_init.obj (.text)
                  0000063c    00000002                                   : startup.obj (.text)

.cinit     0    00000640    00000024     
                  00000640    00000011     (.cinit..data.load) [load image, compression = lzss]
                  00000651    00000003     --HOLE-- [fill = 0]
                  00000654    00000008     (__TI_handler_table)
                  0000065c    00000008     (__TI_cinit_table)

.init_array 
*          0    00000000    00000000     UNINITIALIZED

.stack     0    20000000    00000200     UNINITIALIZED
                  20000000    00000200     --HOLE--

.data      0    20000200    00000018     UNINITIALIZED
                  20000200    0000000c     rtsv7M4_T_le_v4SPD16_eabi.lib : exit.obj (.data:$O1$$)
                  2000020c    00000008                                   : _lock.obj (.data:$O1$$)
                  20000214    00000004                                   : stkdepth_vars.obj (.data)

MODULE SUMMARY

       Module                         code   ro data   rw data
       ------                         ----   -------   -------
    .\
       tm4c123gh6pm_startup_ccs.obj   12     620       0      
       main.obj                       284    0         0      
    +--+------------------------------+------+---------+---------+
       Total:                         296    620       0      
                                                              
    C:\ti\ccsv7\tools\compiler\ti-cgt-arm_16.9.3.LTS\lib\rtsv7M4_T_le_v4SPD16_eabi.lib
       memcpy_t2.obj                  156    0         0      
       autoinit.obj                   112    0         0      
       copy_decompress_lzss.obj       104    0         0      
       exit.obj                       84     0         12     
       boot.obj                       84     0         0      
       cpy_tbl.obj                    76     0         0      
       _lock.obj                      20     0         8      
       args_main.obj                  24     0         0      
       copy_decompress_none.obj       14     0         0      
       pre_init.obj                   4      0         0      
       stkdepth_vars.obj              0      0         4      
       mpu_init.obj                   2      0         0      
       startup.obj                    2      0         0      
    +--+------------------------------+------+---------+---------+
       Total:                         682    0         24     
                                                              
       Stack:                         0      0         512    
       Linker Generated:              0      33        0      
    +--+------------------------------+------+---------+---------+
       Grand Total:                   978    653       536    


LINKER GENERATED COPY TABLES

__TI_cinit_table @ 0000065c records: 1, size/record: 8, table size: 8
	.data: load addr=00000640, load size=00000011 bytes, run addr=20000200, run size=00000018 bytes, compression=lzss


LINKER GENERATED HANDLER TABLE

__TI_handler_table @ 00000654 records: 2, size/record: 4, table size: 8
	index: 0, handler: __TI_decompress_lzss
	index: 1, handler: __TI_decompress_none


GLOBAL SYMBOLS: SORTED ALPHABETICALLY BY Name 

address   name                           
-------   ----                           
00000551  C$$EXIT                        
0000062b  ResetISR                       
UNDEFED   SHT$$INIT_ARRAY$$Base          
UNDEFED   SHT$$INIT_ARRAY$$Limit         
20000200  __STACK_END                    
00000200  __STACK_SIZE                   
20000200  __STACK_TOP                    
0000065c  __TI_CINIT_Base                
00000664  __TI_CINIT_Limit               
00000654  __TI_Handler_Table_Base        
0000065c  __TI_Handler_Table_Limit       
00000425  __TI_auto_init                 
20000200  __TI_cleanup_ptr               
00000495  __TI_decompress_lzss           
0000061d  __TI_decompress_none           
20000204  __TI_dtors_ptr                 
20000208  __TI_enable_exit_profile_output
ffffffff  __TI_pprof_out_hndl            
ffffffff  __TI_prof_data_size            
ffffffff  __TI_prof_data_start           
00000000  __TI_static_base__             
00000389  __aeabi_memcpy                 
00000389  __aeabi_memcpy4                
00000389  __aeabi_memcpy8                
ffffffff  __binit__                      
ffffffff  __c_args__                     
0000063b  __mpu_init                     
20000000  __stack                        
000005f1  _args_main                     
000004fd  _c_int00                       
2000020c  _lock                          
00000617  _nop                           
0000060f  _register_lock                 
00000609  _register_unlock               
0000063d  _system_post_cinit             
00000637  _system_pre_init               
20000210  _unlock                        
00000555  abort                          
ffffffff  binit                          
000005a5  copy_in                        
0000055d  exit                           
00000000  g_pfnVectors                   
0000033f  main                           
20000214  main_func_sp                   
00000389  memcpy                         
0000026d  uart0_init                     
000002cf  uart0_receive                  
0000030f  uart0_receiveString            
000002b3  uart0_send                     
000002df  uart0_sendString               


GLOBAL SYMBOLS: SORTED BY Symbol Address 

address   name                           
-------   ----                           
00000000  __TI_static_base__             
00000000  g_pfnVectors                   
00000200  __STACK_SIZE                   
0000026d  uart0_init                     
000002b3  uart0_send                     
000002cf  uart0_receive                  
000002df  uart0_sendString               
0000030f  uart0_receiveString            
0000033f  main                           
00000389  __aeabi_memcpy                 
00000389  __aeabi_memcpy4                
00000389  __aeabi_memcpy8                
00000389  memcpy                         
00000425  __TI_auto_init                 
00000495  __TI_decompress_lzss           
000004fd  _c_int00                       
00000551  C$$EXIT                        
00000555  abort                          
0000055d  exit                           
000005a5  copy_in                        
000005f1  _args_main                     
00000609  _register_unlock               
0000060f  _register_lock                 
00000617  _nop                           
0000061d  __TI_decompress_none           
0000062b  ResetISR                       
00000637  _system_pre_init               
0000063b  __mpu_init                     
0000063d  _system_post_cinit             
00000654  __TI_Handler_Table_Base        
0000065c  __TI_CINIT_Base                
0000065c  __TI_Handler_Table_Limit       
00000664  __TI_CINIT_Limit               
20000000  __stack                        
20000200  __STACK_END                    
20000200  __STACK_TOP                    
20000200  __TI_cleanup_ptr               
20000204  __TI_dtors_ptr                 
20000208  __TI_enable_exit_profile_output
2000020c  _lock                          
20000210  _unlock                        
20000214  main_func_sp                   
ffffffff  __TI_pprof_out_hndl            
ffffffff  __TI_prof_data_size            
ffffffff  __TI_prof_data_start           
ffffffff  __binit__                      
ffffffff  __c_args__                     
ffffffff  binit                          
UNDEFED   SHT$$INIT_ARRAY$$Base          
UNDEFED   SHT$$INIT_ARRAY$$Limit         

[50 symbols]
