******************************************************************************
                  TI ARM Linker PC v16.9.3                     
******************************************************************************
>> Linked Mon Oct 09 17:50:13 2017

OUTPUT FILE NAME:   <uart_receive_intrrupt.out>
ENTRY POINT SYMBOL: "_c_int00"  address: 000004ed


MEMORY CONFIGURATION

         name            origin    length      used     unused   attr    fill
----------------------  --------  ---------  --------  --------  ----  --------
  FLASH                 00000000   00040000  00000652  0003f9ae  R  X
  SRAM                  20000000   00008000  00000218  00007de8  RW X


SEGMENT ALLOCATION MAP

run origin  load origin   length   init length attrs members
----------  ----------- ---------- ----------- ----- -------
00000000    00000000    00000654   00000654    r-x
  00000000    00000000    0000026c   0000026c    r-- .intvecs
  0000026c    0000026c    000003c2   000003c2    r-x .text
  00000630    00000630    00000024   00000024    r-- .cinit
20000000    20000000    00000218   00000000    rw-
  20000000    20000000    00000200   00000000    rw- .stack
  20000200    20000200    00000018   00000000    rw- .data


SECTION ALLOCATION MAP

 output                                  attributes/
section   page    origin      length       input sections
--------  ----  ----------  ----------   ----------------
.intvecs   0    00000000    0000026c     
                  00000000    0000026c     tm4c123gh6pm_startup_ccs.obj (.intvecs)

.text      0    0000026c    000003c2     
                  0000026c    0000010c     main.obj (.text)
                  00000378    0000009c     rtsv7M4_T_le_v4SPD16_eabi.lib : memcpy_t2.obj (.text)
                  00000414    00000070                                   : autoinit.obj (.text)
                  00000484    00000068                                   : copy_decompress_lzss.obj (.text:decompress:lzss)
                  000004ec    00000054                                   : boot.obj (.text)
                  00000540    00000054                                   : exit.obj (.text)
                  00000594    0000004c                                   : cpy_tbl.obj (.text)
                  000005e0    00000018                                   : args_main.obj (.text)
                  000005f8    00000014                                   : _lock.obj (.text)
                  0000060c    0000000e                                   : copy_decompress_none.obj (.text:decompress:none)
                  0000061a    0000000c     tm4c123gh6pm_startup_ccs.obj (.text)
                  00000626    00000004     rtsv7M4_T_le_v4SPD16_eabi.lib : pre_init.obj (.text)
                  0000062a    00000002                                   : mpu_init.obj (.text)
                  0000062c    00000002                                   : startup.obj (.text)

.cinit     0    00000630    00000024     
                  00000630    00000011     (.cinit..data.load) [load image, compression = lzss]
                  00000641    00000003     --HOLE-- [fill = 0]
                  00000644    00000008     (__TI_handler_table)
                  0000064c    00000008     (__TI_cinit_table)

.init_array 
*          0    00000000    00000000     UNINITIALIZED

.stack     0    20000000    00000200     UNINITIALIZED
                  20000000    00000200     --HOLE--

.data      0    20000200    00000018     UNINITIALIZED
                  20000200    0000000c     rtsv7M4_T_le_v4SPD16_eabi.lib : exit.obj (.data:$O1$$)
                  2000020c    00000008                                   : _lock.obj (.data:$O1$$)
                  20000214    00000004                                   : stkdepth_vars.obj (.data)

MODULE SUMMARY

       Module                         code   ro data   rw data
       ------                         ----   -------   -------
    .\
       tm4c123gh6pm_startup_ccs.obj   12     620       0      
       main.obj                       268    0         0      
    +--+------------------------------+------+---------+---------+
       Total:                         280    620       0      
                                                              
    C:\ti\ccsv7\tools\compiler\ti-cgt-arm_16.9.3.LTS\lib\rtsv7M4_T_le_v4SPD16_eabi.lib
       memcpy_t2.obj                  156    0         0      
       autoinit.obj                   112    0         0      
       copy_decompress_lzss.obj       104    0         0      
       exit.obj                       84     0         12     
       boot.obj                       84     0         0      
       cpy_tbl.obj                    76     0         0      
       _lock.obj                      20     0         8      
       args_main.obj                  24     0         0      
       copy_decompress_none.obj       14     0         0      
       pre_init.obj                   4      0         0      
       stkdepth_vars.obj              0      0         4      
       mpu_init.obj                   2      0         0      
       startup.obj                    2      0         0      
    +--+------------------------------+------+---------+---------+
       Total:                         682    0         24     
                                                              
       Stack:                         0      0         512    
       Linker Generated:              0      33        0      
    +--+------------------------------+------+---------+---------+
       Grand Total:                   962    653       536    


LINKER GENERATED COPY TABLES

__TI_cinit_table @ 0000064c records: 1, size/record: 8, table size: 8
	.data: load addr=00000630, load size=00000011 bytes, run addr=20000200, run size=00000018 bytes, compression=lzss


LINKER GENERATED HANDLER TABLE

__TI_handler_table @ 00000644 records: 2, size/record: 4, table size: 8
	index: 0, handler: __TI_decompress_lzss
	index: 1, handler: __TI_decompress_none


GLOBAL SYMBOLS: SORTED ALPHABETICALLY BY Name 

address   name                           
-------   ----                           
00000541  C$$EXIT                        
0000061b  ResetISR                       
UNDEFED   SHT$$INIT_ARRAY$$Base          
UNDEFED   SHT$$INIT_ARRAY$$Limit         
20000200  __STACK_END                    
00000200  __STACK_SIZE                   
20000200  __STACK_TOP                    
0000064c  __TI_CINIT_Base                
00000654  __TI_CINIT_Limit               
00000644  __TI_Handler_Table_Base        
0000064c  __TI_Handler_Table_Limit       
00000415  __TI_auto_init                 
20000200  __TI_cleanup_ptr               
00000485  __TI_decompress_lzss           
0000060d  __TI_decompress_none           
20000204  __TI_dtors_ptr                 
20000208  __TI_enable_exit_profile_output
ffffffff  __TI_pprof_out_hndl            
ffffffff  __TI_prof_data_size            
ffffffff  __TI_prof_data_start           
00000000  __TI_static_base__             
00000379  __aeabi_memcpy                 
00000379  __aeabi_memcpy4                
00000379  __aeabi_memcpy8                
ffffffff  __binit__                      
ffffffff  __c_args__                     
0000062b  __mpu_init                     
20000000  __stack                        
000005e1  _args_main                     
000004ed  _c_int00                       
2000020c  _lock                          
00000607  _nop                           
000005ff  _register_lock                 
000005f9  _register_unlock               
0000062d  _system_post_cinit             
00000627  _system_pre_init               
20000210  _unlock                        
00000545  abort                          
ffffffff  binit                          
00000595  copy_in                        
0000054d  exit                           
00000000  g_pfnVectors                   
0000032f  main                           
20000214  main_func_sp                   
00000379  memcpy                         
000002ed  uart0_handel                   
0000026d  uart0_recieve_by_intrrupt      


GLOBAL SYMBOLS: SORTED BY Symbol Address 

address   name                           
-------   ----                           
00000000  __TI_static_base__             
00000000  g_pfnVectors                   
00000200  __STACK_SIZE                   
0000026d  uart0_recieve_by_intrrupt      
000002ed  uart0_handel                   
0000032f  main                           
00000379  __aeabi_memcpy                 
00000379  __aeabi_memcpy4                
00000379  __aeabi_memcpy8                
00000379  memcpy                         
00000415  __TI_auto_init                 
00000485  __TI_decompress_lzss           
000004ed  _c_int00                       
00000541  C$$EXIT                        
00000545  abort                          
0000054d  exit                           
00000595  copy_in                        
000005e1  _args_main                     
000005f9  _register_unlock               
000005ff  _register_lock                 
00000607  _nop                           
0000060d  __TI_decompress_none           
0000061b  ResetISR                       
00000627  _system_pre_init               
0000062b  __mpu_init                     
0000062d  _system_post_cinit             
00000644  __TI_Handler_Table_Base        
0000064c  __TI_CINIT_Base                
0000064c  __TI_Handler_Table_Limit       
00000654  __TI_CINIT_Limit               
20000000  __stack                        
20000200  __STACK_END                    
20000200  __STACK_TOP                    
20000200  __TI_cleanup_ptr               
20000204  __TI_dtors_ptr                 
20000208  __TI_enable_exit_profile_output
2000020c  _lock                          
20000210  _unlock                        
20000214  main_func_sp                   
ffffffff  __TI_pprof_out_hndl            
ffffffff  __TI_prof_data_size            
ffffffff  __TI_prof_data_start           
ffffffff  __binit__                      
ffffffff  __c_args__                     
ffffffff  binit                          
UNDEFED   SHT$$INIT_ARRAY$$Base          
UNDEFED   SHT$$INIT_ARRAY$$Limit         

[47 symbols]
